=== 0_Build, Test, and (main only) Deploy.txt ===
﻿2026-06-26T08:14:55.7717100Z Current runner version: '2.335.1'
2026-06-26T08:14:55.7730606Z Runner name: 'vm-runner'
2026-06-26T08:14:55.7734020Z Runner group name: 'Default'
2026-06-26T08:14:55.7737378Z Machine name: 'ubuntu'
2026-06-26T08:14:55.7745244Z ##[group]GITHUB_TOKEN Permissions
2026-06-26T08:14:55.7750156Z Contents: read
2026-06-26T08:14:55.7751763Z Metadata: read
2026-06-26T08:14:55.7753282Z ##[endgroup]
2026-06-26T08:14:55.7757817Z Secret source: Actions
2026-06-26T08:14:55.7759636Z Prepare workflow directory
2026-06-26T08:14:55.8398890Z Prepare all required actions
2026-06-26T08:14:55.8449564Z Getting action download info
2026-06-26T08:14:56.8256702Z Download action repository 'actions/checkout@v4' (SHA:34e114876b0b11c390a56381ad16ebd13914f8d5)
2026-06-26T08:14:58.5327359Z Download action repository 'actions/setup-python@v5' (SHA:a26af69be951a213d495a4c3e4e4022e16d87065)
2026-06-26T08:15:00.2646973Z Download action repository 'docker/setup-buildx-action@v3' (SHA:8d2750c68a42422c14e847fe6c8ac0403b4cbd6f)
2026-06-26T08:15:02.9480105Z Complete job name: Build, Test, and (main only) Deploy
2026-06-26T08:15:03.0689515Z Node 20 is being deprecated. This workflow is running with Node 24 by default. If you need to temporarily use Node 20, you can set the ACTIONS_ALLOW_USE_UNSECURE_NODE_VERSION=true environment variable. For more information see: https://github.blog/changelog/2025-09-19-deprecation-of-node-20-on-github-actions-runners/
2026-06-26T08:15:03.0699592Z ##[group]Run actions/checkout@v4
2026-06-26T08:15:03.0700174Z with:
2026-06-26T08:15:03.0700453Z   fetch-depth: 0
2026-06-26T08:15:03.0700814Z   repository: Mazhar10pearls/AI-based-debugger
2026-06-26T08:15:03.0705665Z   token: ***
2026-06-26T08:15:03.0705966Z   ssh-strict: true
2026-06-26T08:15:03.0706259Z   ssh-user: git
2026-06-26T08:15:03.0706561Z   persist-credentials: true
2026-06-26T08:15:03.0706908Z   clean: true
2026-06-26T08:15:03.0707217Z   sparse-checkout-cone-mode: true
2026-06-26T08:15:03.0707595Z   fetch-tags: false
2026-06-26T08:15:03.0707894Z   show-progress: true
2026-06-26T08:15:03.0708232Z   lfs: false
2026-06-26T08:15:03.0708546Z   submodules: false
2026-06-26T08:15:03.0708855Z   set-safe-directory: true
2026-06-26T08:15:03.0709482Z ##[endgroup]
2026-06-26T08:15:03.2365262Z Syncing repository: Mazhar10pearls/AI-based-debugger
2026-06-26T08:15:03.2368325Z ##[group]Getting Git version info
2026-06-26T08:15:03.2370494Z Working directory is '/home/ubuntu/actions-runner/_work/AI-based-debugger/AI-based-debugger'
2026-06-26T08:15:03.2373755Z [command]/usr/bin/git version
2026-06-26T08:15:03.2374772Z git version 2.43.0
2026-06-26T08:15:03.2377820Z ##[endgroup]
2026-06-26T08:15:03.2384472Z Temporarily overriding HOME='/home/ubuntu/actions-runner/_work/_temp/4e2c7050-bba9-4b6e-a8b9-ddc13f85989c' before making global git config changes
2026-06-26T08:15:03.2386735Z Adding repository directory to the temporary git global config as a safe directory
2026-06-26T08:15:03.2388656Z [command]/usr/bin/git config --global --add safe.directory /home/ubuntu/actions-runner/_work/AI-based-debugger/AI-based-debugger
2026-06-26T08:15:03.2390228Z [command]/usr/bin/git config --local --get remote.origin.url
2026-06-26T08:15:03.2395971Z https://github.com/Mazhar10pearls/AI-based-debugger
2026-06-26T08:15:03.2412594Z ##[group]Removing previously created refs, to avoid conflicts
2026-06-26T08:15:03.2417850Z [command]/usr/bin/git rev-parse --symbolic-full-name --verify --quiet HEAD
2026-06-26T08:15:03.2444671Z HEAD
2026-06-26T08:15:03.2547677Z ##[endgroup]
2026-06-26T08:15:03.2548608Z [command]/usr/bin/git submodule status
2026-06-26T08:15:03.2789688Z ##[group]Cleaning the repository
2026-06-26T08:15:03.2791371Z [command]/usr/bin/git clean -ffdx
2026-06-26T08:15:03.2822699Z Removing .pytest_cache/
2026-06-26T08:15:03.2823159Z Removing sample_app/__pycache__/
2026-06-26T08:15:03.2832166Z [command]/usr/bin/git reset --hard HEAD
2026-06-26T08:15:03.2880695Z HEAD is now at c18e7ea Merge 1ea6952dbb54a1176423d90f5a54962f8b0f71bf into a027ed84d64358ec09ce8f04a81718354c96dd0c
2026-06-26T08:15:03.2887010Z ##[endgroup]
2026-06-26T08:15:03.2888200Z ##[group]Disabling automatic garbage collection
2026-06-26T08:15:03.2892949Z [command]/usr/bin/git config --local gc.auto 0
2026-06-26T08:15:03.2952127Z ##[endgroup]
2026-06-26T08:15:03.2952719Z ##[group]Setting up auth
2026-06-26T08:15:03.2960799Z [command]/usr/bin/git config --local --name-only --get-regexp core\.sshCommand
2026-06-26T08:15:03.3001131Z [command]/usr/bin/git submodule foreach --recursive sh -c "git config --local --name-only --get-regexp 'core\.sshCommand' && git config --local --unset-all 'core.sshCommand' || :"
2026-06-26T08:15:03.3269123Z [command]/usr/bin/git config --local --name-only --get-regexp http\.https\:\/\/github\.com\/\.extraheader
2026-06-26T08:15:03.3306000Z [command]/usr/bin/git submodule foreach --recursive sh -c "git config --local --name-only --get-regexp 'http\.https\:\/\/github\.com\/\.extraheader' && git config --local --unset-all 'http.https://github.com/.extraheader' || :"
2026-06-26T08:15:03.3554545Z [command]/usr/bin/git config --local --name-only --get-regexp ^includeIf\.gitdir:
2026-06-26T08:15:03.3588150Z [command]/usr/bin/git submodule foreach --recursive git config --local --show-origin --name-only --get-regexp remote.origin.url
2026-06-26T08:15:03.3847967Z [command]/usr/bin/git config --local http.https://github.com/.extraheader AUTHORIZATION: basic ***
2026-06-26T08:15:03.3891834Z ##[endgroup]
2026-06-26T08:15:03.3892670Z ##[group]Fetching the repository
2026-06-26T08:15:03.3906415Z [command]/usr/bin/git -c protocol.version=2 fetch --prune --no-recurse-submodules origin +refs/heads/*:refs/remotes/origin/* +refs/tags/*:refs/tags/*
2026-06-26T08:15:04.7468724Z From https://github.com/Mazhar10pearls/AI-based-debugger
2026-06-26T08:15:04.7470187Z    a027ed8..6232fe9  develop    -> origin/develop
2026-06-26T08:15:04.7569867Z [command]/usr/bin/git branch --list --remote origin/develop
2026-06-26T08:15:04.7625676Z   origin/develop
2026-06-26T08:15:04.7638250Z [command]/usr/bin/git rev-parse refs/remotes/origin/develop
2026-06-26T08:15:04.7665451Z 6232fe95a6acc44f9ac0ebcac1cf9d31d60f39c6
2026-06-26T08:15:04.7670565Z ##[endgroup]
2026-06-26T08:15:04.7673303Z ##[group]Determining the checkout info
2026-06-26T08:15:04.7675526Z ##[endgroup]
2026-06-26T08:15:04.7678455Z [command]/usr/bin/git sparse-checkout disable
2026-06-26T08:15:04.7738784Z [command]/usr/bin/git config --local --unset-all extensions.worktreeConfig
2026-06-26T08:15:04.7771129Z ##[group]Checking out the ref
2026-06-26T08:15:04.7774539Z [command]/usr/bin/git checkout --progress --force -B develop refs/remotes/origin/develop
2026-06-26T08:15:04.7831342Z Previous HEAD position was c18e7ea Merge 1ea6952dbb54a1176423d90f5a54962f8b0f71bf into a027ed84d64358ec09ce8f04a81718354c96dd0c
2026-06-26T08:15:04.7843329Z Switched to a new branch 'develop'
2026-06-26T08:15:04.7844660Z branch 'develop' set up to track 'origin/develop'.
2026-06-26T08:15:04.7852479Z ##[endgroup]
2026-06-26T08:15:04.7943388Z [command]/usr/bin/git log -1 --format=%H
2026-06-26T08:15:04.8009254Z 6232fe95a6acc44f9ac0ebcac1cf9d31d60f39c6
2026-06-26T08:15:04.8309638Z Node 20 is being deprecated. This workflow is running with Node 24 by default. If you need to temporarily use Node 20, you can set the ACTIONS_ALLOW_USE_UNSECURE_NODE_VERSION=true environment variable. For more information see: https://github.blog/changelog/2025-09-19-deprecation-of-node-20-on-github-actions-runners/
2026-06-26T08:15:04.8312485Z ##[group]Run actions/setup-python@v5
2026-06-26T08:15:04.8312879Z with:
2026-06-26T08:15:04.8313153Z   python-version: 3.12
2026-06-26T08:15:04.8313475Z   check-latest: false
2026-06-26T08:15:04.8318361Z   token: ***
2026-06-26T08:15:04.8318695Z   update-environment: true
2026-06-26T08:15:04.8319064Z   allow-prereleases: false
2026-06-26T08:15:04.8319415Z   freethreaded: false
2026-06-26T08:15:04.8319731Z ##[endgroup]
2026-06-26T08:15:05.0708901Z ##[group]Installed versions
2026-06-26T08:15:05.0778999Z (node:1071779) [DEP0040] DeprecationWarning: The `punycode` module is deprecated. Please use a userland alternative instead.
2026-06-26T08:15:05.0783904Z Successfully set up CPython (3.12.13)
2026-06-26T08:15:05.0790334Z (Use `node --trace-deprecation ...` to show where the warning was created)
2026-06-26T08:15:05.0795041Z ##[endgroup]
2026-06-26T08:15:05.0974409Z ##[group]Run python -m pip install --upgrade pip
2026-06-26T08:15:05.0975013Z [36;1mpython -m pip install --upgrade pip[0m
2026-06-26T08:15:05.0975505Z [36;1mpip install -r sample_app/requirements.txt[0m
2026-06-26T08:15:05.1008057Z shell: /usr/bin/bash -e {0}
2026-06-26T08:15:05.1015638Z env:
2026-06-26T08:15:05.1016241Z   pythonLocation: /home/ubuntu/actions-runner/_work/_tool/Python/3.12.13/x64
2026-06-26T08:15:05.1017735Z   PKG_CONFIG_PATH: /home/ubuntu/actions-runner/_work/_tool/Python/3.12.13/x64/lib/pkgconfig
2026-06-26T08:15:05.1021404Z   Python_ROOT_DIR: /home/ubuntu/actions-runner/_work/_tool/Python/3.12.13/x64
2026-06-26T08:15:05.1022705Z   Python2_ROOT_DIR: /home/ubuntu/actions-runner/_work/_tool/Python/3.12.13/x64
2026-06-26T08:15:05.1023660Z   Python3_ROOT_DIR: /home/ubuntu/actions-runner/_work/_tool/Python/3.12.13/x64
2026-06-26T08:15:05.1024593Z   LD_LIBRARY_PATH: /home/ubuntu/actions-runner/_work/_tool/Python/3.12.13/x64/lib
2026-06-26T08:15:05.1025352Z ##[endgroup]
2026-06-26T08:15:05.5117553Z Requirement already satisfied: pip in /home/ubuntu/actions-runner/_work/_tool/Python/3.12.13/x64/lib/python3.12/site-packages (26.1.2)
2026-06-26T08:15:06.5208186Z Requirement already satisfied: Flask==2.3.3 in /home/ubuntu/actions-runner/_work/_tool/Python/3.12.13/x64/lib/python3.12/site-packages (from -r sample_app/requirements.txt (line 1)) (2.3.3)
2026-06-26T08:15:06.5217612Z Requirement already satisfied: pytest==7.4.0 in /home/ubuntu/actions-runner/_work/_tool/Python/3.12.13/x64/lib/python3.12/site-packages (from -r sample_app/requirements.txt (line 2)) (7.4.0)
2026-06-26T08:15:06.5226796Z Requirement already satisfied: Werkzeug>=2.3.7 in /home/ubuntu/actions-runner/_work/_tool/Python/3.12.13/x64/lib/python3.12/site-packages (from Flask==2.3.3->-r sample_app/requirements.txt (line 1)) (3.1.8)
2026-06-26T08:15:06.5238428Z Requirement already satisfied: Jinja2>=3.1.2 in /home/ubuntu/actions-runner/_work/_tool/Python/3.12.13/x64/lib/python3.12/site-packages (from Flask==2.3.3->-r sample_app/requirements.txt (line 1)) (3.1.6)
2026-06-26T08:15:06.5248912Z Requirement already satisfied: itsdangerous>=2.1.2 in /home/ubuntu/actions-runner/_work/_tool/Python/3.12.13/x64/lib/python3.12/site-packages (from Flask==2.3.3->-r sample_app/requirements.txt (line 1)) (2.2.0)
2026-06-26T08:15:06.5258276Z Requirement already satisfied: click>=8.1.3 in /home/ubuntu/actions-runner/_work/_tool/Python/3.12.13/x64/lib/python3.12/site-packages (from Flask==2.3.3->-r sample_app/requirements.txt (line 1)) (8.4.1)
2026-06-26T08:15:06.5268867Z Requirement already satisfied: blinker>=1.6.2 in /home/ubuntu/actions-runner/_work/_tool/Python/3.12.13/x64/lib/python3.12/site-packages (from Flask==2.3.3->-r sample_app/requirements.txt (line 1)) (1.9.0)
2026-06-26T08:15:06.5280845Z Requirement already satisfied: iniconfig in /home/ubuntu/actions-runner/_work/_tool/Python/3.12.13/x64/lib/python3.12/site-packages (from pytest==7.4.0->-r sample_app/requirements.txt (line 2)) (2.3.0)
2026-06-26T08:15:06.5293555Z Requirement already satisfied: packaging in /home/ubuntu/actions-runner/_work/_tool/Python/3.12.13/x64/lib/python3.12/site-packages (from pytest==7.4.0->-r sample_app/requirements.txt (line 2)) (26.2)
2026-06-26T08:15:06.5306000Z Requirement already satisfied: pluggy<2.0,>=0.12 in /home/ubuntu/actions-runner/_work/_tool/Python/3.12.13/x64/lib/python3.12/site-packages (from pytest==7.4.0->-r sample_app/requirements.txt (line 2)) (1.6.0)
2026-06-26T08:15:06.5331495Z Requirement already satisfied: MarkupSafe>=2.0 in /home/ubuntu/actions-runner/_work/_tool/Python/3.12.13/x64/lib/python3.12/site-packages (from Jinja2>=3.1.2->Flask==2.3.3->-r sample_app/requirements.txt (line 1)) (3.0.3)
2026-06-26T08:15:06.6083461Z ##[group]Run pytest sample_app/test_app.py
2026-06-26T08:15:06.6084729Z [36;1mpytest sample_app/test_app.py[0m
2026-06-26T08:15:06.6136723Z shell: /usr/bin/bash -e {0}
2026-06-26T08:15:06.6137103Z env:
2026-06-26T08:15:06.6137609Z   pythonLocation: /home/ubuntu/actions-runner/_work/_tool/Python/3.12.13/x64
2026-06-26T08:15:06.6138530Z   PKG_CONFIG_PATH: /home/ubuntu/actions-runner/_work/_tool/Python/3.12.13/x64/lib/pkgconfig
2026-06-26T08:15:06.6139435Z   Python_ROOT_DIR: /home/ubuntu/actions-runner/_work/_tool/Python/3.12.13/x64
2026-06-26T08:15:06.6140271Z   Python2_ROOT_DIR: /home/ubuntu/actions-runner/_work/_tool/Python/3.12.13/x64
2026-06-26T08:15:06.6141092Z   Python3_ROOT_DIR: /home/ubuntu/actions-runner/_work/_tool/Python/3.12.13/x64
2026-06-26T08:15:06.6142085Z   LD_LIBRARY_PATH: /home/ubuntu/actions-runner/_work/_tool/Python/3.12.13/x64/lib
2026-06-26T08:15:06.6142723Z ##[endgroup]
2026-06-26T08:15:06.9633412Z ============================= test session starts ==============================
2026-06-26T08:15:06.9635642Z platform linux -- Python 3.12.13, pytest-7.4.0, pluggy-1.6.0
2026-06-26T08:15:06.9637820Z rootdir: /home/ubuntu/actions-runner/_work/AI-based-debugger/AI-based-debugger
2026-06-26T08:15:06.9639721Z collected 1 item
2026-06-26T08:15:06.9640265Z 
2026-06-26T08:15:06.9699296Z sample_app/test_app.py .                                                 [100%]
2026-06-26T08:15:06.9700649Z 
2026-06-26T08:15:06.9701945Z ============================== 1 passed in 0.13s ===============================
2026-06-26T08:15:07.0418183Z Node 20 is being deprecated. This workflow is running with Node 24 by default. If you need to temporarily use Node 20, you can set the ACTIONS_ALLOW_USE_UNSECURE_NODE_VERSION=true environment variable. For more information see: https://github.blog/changelog/2025-09-19-deprecation-of-node-20-on-github-actions-runners/
2026-06-26T08:15:07.0424788Z ##[group]Run docker/setup-buildx-action@v3
2026-06-26T08:15:07.0425971Z with:
2026-06-26T08:15:07.0428504Z   driver: docker-container
2026-06-26T08:15:07.0429631Z   use: true
2026-06-26T08:15:07.0430438Z   keep-state: false
2026-06-26T08:15:07.0431717Z   cache-binary: true
2026-06-26T08:15:07.0432589Z   cleanup: true
2026-06-26T08:15:07.0433402Z   install: false
2026-06-26T08:15:07.0434192Z env:
2026-06-26T08:15:07.0435594Z   pythonLocation: /home/ubuntu/actions-runner/_work/_tool/Python/3.12.13/x64
2026-06-26T08:15:07.0438100Z   PKG_CONFIG_PATH: /home/ubuntu/actions-runner/_work/_tool/Python/3.12.13/x64/lib/pkgconfig
2026-06-26T08:15:07.0440676Z   Python_ROOT_DIR: /home/ubuntu/actions-runner/_work/_tool/Python/3.12.13/x64
2026-06-26T08:15:07.0443151Z   Python2_ROOT_DIR: /home/ubuntu/actions-runner/_work/_tool/Python/3.12.13/x64
2026-06-26T08:15:07.0445409Z   Python3_ROOT_DIR: /home/ubuntu/actions-runner/_work/_tool/Python/3.12.13/x64
2026-06-26T08:15:07.0447674Z   LD_LIBRARY_PATH: /home/ubuntu/actions-runner/_work/_tool/Python/3.12.13/x64/lib
2026-06-26T08:15:07.0449366Z ##[endgroup]
2026-06-26T08:15:07.3923800Z (node:1071825) [DEP0040] DeprecationWarning: The `punycode` module is deprecated. Please use a userland alternative instead.
2026-06-26T08:15:07.3927012Z (Use `node --trace-deprecation ...` to show where the warning was created)
2026-06-26T08:15:07.3979269Z ##[group]Docker info
2026-06-26T08:15:07.4003620Z [command]/usr/bin/docker version
2026-06-26T08:15:07.4369787Z Client:
2026-06-26T08:15:07.4373129Z  Version:           29.1.3
2026-06-26T08:15:07.4374058Z  API version:       1.52
2026-06-26T08:15:07.4374922Z  Go version:        go1.24.4
2026-06-26T08:15:07.4375855Z  Git commit:        29.1.3-0ubuntu3~24.04.2
2026-06-26T08:15:07.4376284Z  Built:             Wed Apr 29 16:41:06 2026
2026-06-26T08:15:07.4376677Z  OS/Arch:           linux/amd64
2026-06-26T08:15:07.4377030Z  Context:           default
2026-06-26T08:15:07.4377233Z 
2026-06-26T08:15:07.4377349Z Server:
2026-06-26T08:15:07.4377594Z  Engine:
2026-06-26T08:15:07.4377851Z   Version:          29.1.3
2026-06-26T08:15:07.4378211Z   API version:      1.52 (minimum version 1.44)
2026-06-26T08:15:07.4378628Z   Go version:       go1.24.4
2026-06-26T08:15:07.4379345Z   Git commit:       29.1.3-0ubuntu3~24.04.2
2026-06-26T08:15:07.4379758Z   Built:            Wed Apr 29 16:41:06 2026
2026-06-26T08:15:07.4380151Z   OS/Arch:          linux/amd64
2026-06-26T08:15:07.4380507Z   Experimental:     false
2026-06-26T08:15:07.4380830Z  containerd:
2026-06-26T08:15:07.4381107Z   Version:          2.2.1
2026-06-26T08:15:07.4381958Z   GitCommit:        
2026-06-26T08:15:07.4382440Z  runc:
2026-06-26T08:15:07.4382739Z   Version:          1.3.4-0ubuntu1~24.04.1
2026-06-26T08:15:07.4383278Z   GitCommit:        
2026-06-26T08:15:07.4383592Z  docker-init:
2026-06-26T08:15:07.4383892Z   Version:          0.19.0
2026-06-26T08:15:07.4384206Z   GitCommit:        
2026-06-26T08:15:07.4430214Z [command]/usr/bin/docker info
2026-06-26T08:15:07.5041039Z Client:
2026-06-26T08:15:07.5042431Z  Version:    29.1.3
2026-06-26T08:15:07.5045642Z  Context:    default
2026-06-26T08:15:07.5046759Z  Debug Mode: false
2026-06-26T08:15:07.5047793Z  Plugins:
2026-06-26T08:15:07.5048847Z   buildx: Docker Buildx (Docker Inc.)
2026-06-26T08:15:07.5049860Z     Version:  v0.34.1
2026-06-26T08:15:07.5051000Z     Path:     /home/ubuntu/.docker/cli-plugins/docker-buildx
2026-06-26T08:15:07.5052992Z   trust: Manage trust on Docker images (Docker Inc.)
2026-06-26T08:15:07.5054448Z     Version:  29.1.3
2026-06-26T08:15:07.5055750Z     Path:     /usr/libexec/docker/cli-plugins/docker-trust
2026-06-26T08:15:07.5056843Z 
2026-06-26T08:15:07.5057732Z Server:
2026-06-26T08:15:07.5058700Z  Containers: 3
2026-06-26T08:15:07.5059706Z   Running: 1
2026-06-26T08:15:07.5060654Z   Paused: 0
2026-06-26T08:15:07.5061408Z   Stopped: 2
2026-06-26T08:15:07.5061792Z  Images: 32
2026-06-26T08:15:07.5062260Z  Server Version: 29.1.3
2026-06-26T08:15:07.5062771Z  Storage Driver: overlayfs
2026-06-26T08:15:07.5063430Z   driver-type: io.containerd.snapshotter.v1
2026-06-26T08:15:07.5064216Z  Logging Driver: json-file
2026-06-26T08:15:07.5064874Z  Cgroup Driver: systemd
2026-06-26T08:15:07.5065387Z  Cgroup Version: 2
2026-06-26T08:15:07.5065863Z  Plugins:
2026-06-26T08:15:07.5066274Z   Volume: local
2026-06-26T08:15:07.5066800Z   Network: bridge host ipvlan macvlan null overlay
2026-06-26T08:15:07.5067702Z   Log: awslogs fluentd gcplogs gelf journald json-file local splunk syslog
2026-06-26T08:15:07.5068654Z  CDI spec directories:
2026-06-26T08:15:07.5069117Z   /etc/cdi
2026-06-26T08:15:07.5069482Z   /var/run/cdi
2026-06-26T08:15:07.5069932Z  Swarm: inactive
2026-06-26T08:15:07.5070448Z  Runtimes: io.containerd.runc.v2 runc
2026-06-26T08:15:07.5071107Z  Default Runtime: runc
2026-06-26T08:15:07.5071961Z  Init Binary: docker-init
2026-06-26T08:15:07.5072502Z  containerd version: 
2026-06-26T08:15:07.5072986Z  runc version: 
2026-06-26T08:15:07.5073408Z  init version: 
2026-06-26T08:15:07.5073828Z  Security Options:
2026-06-26T08:15:07.5074282Z   apparmor
2026-06-26T08:15:07.5074933Z   seccomp
2026-06-26T08:15:07.5075207Z    Profile: builtin
2026-06-26T08:15:07.5075493Z   cgroupns
2026-06-26T08:15:07.5075786Z  Kernel Version: 6.8.0-87-generic
2026-06-26T08:15:07.5076184Z  Operating System: Ubuntu 24.04.3 LTS
2026-06-26T08:15:07.5076559Z  OSType: linux
2026-06-26T08:15:07.5076847Z  Architecture: x86_64
2026-06-26T08:15:07.5077153Z  CPUs: 4
2026-06-26T08:15:07.5077662Z  Total Memory: 7.755GiB
2026-06-26T08:15:07.5077970Z  Name: ubuntu
2026-06-26T08:15:07.5078278Z  ID: b9791dbb-54d2-4ad2-8b64-ef89c78c6785
2026-06-26T08:15:07.5078868Z  Docker Root Dir: /var/lib/docker
2026-06-26T08:15:07.5079230Z  Debug Mode: false
2026-06-26T08:15:07.5079708Z  Experimental: false
2026-06-26T08:15:07.5080022Z  Insecure Registries:
2026-06-26T08:15:07.5080328Z   127.0.0.0/8
2026-06-26T08:15:07.5080770Z   ::1/128
2026-06-26T08:15:07.5081051Z  Live Restore Enabled: false
2026-06-26T08:15:07.5082071Z  Firewall Backend: iptables
2026-06-26T08:15:07.5082305Z 
2026-06-26T08:15:07.5082931Z ##[endgroup]
2026-06-26T08:15:07.5928390Z ##[group]Buildx version
2026-06-26T08:15:07.5954746Z [command]/usr/bin/docker buildx version
2026-06-26T08:15:07.6723553Z github.com/docker/buildx v0.34.1 e0b0e77d18d3379bc1e0d55f3b37de288d36fe47
2026-06-26T08:15:07.6767798Z ##[endgroup]
2026-06-26T08:15:07.6989065Z ##[group]Inspecting default docker context
2026-06-26T08:15:07.7193909Z [
2026-06-26T08:15:07.7194337Z   {
2026-06-26T08:15:07.7194771Z     "Name": "default",
2026-06-26T08:15:07.7195279Z     "Metadata": {},
2026-06-26T08:15:07.7195769Z     "Endpoints": {
2026-06-26T08:15:07.7196255Z       "docker": {
2026-06-26T08:15:07.7196830Z         "Host": "unix:///var/run/docker.sock",
2026-06-26T08:15:07.7197547Z         "SkipTLSVerify": false
2026-06-26T08:15:07.7198086Z       }
2026-06-26T08:15:07.7198504Z     },
2026-06-26T08:15:07.7198946Z     "TLSMaterial": {},
2026-06-26T08:15:07.7199610Z     "Storage": {
2026-06-26T08:15:07.7200119Z       "MetadataPath": "<IN MEMORY>",
2026-06-26T08:15:07.7200866Z       "TLSPath": "<IN MEMORY>"
2026-06-26T08:15:07.7201679Z     }
2026-06-26T08:15:07.7202112Z   }
2026-06-26T08:15:07.7202540Z ]
2026-06-26T08:15:07.7203518Z ##[endgroup]
2026-06-26T08:15:07.7204489Z ##[group]Creating a new builder instance
2026-06-26T08:15:07.9119217Z [command]/usr/bin/docker buildx create --name builder-c1c572c7-fdd2-44a7-aea7-f3b61e97bac7 --driver docker-container --buildkitd-flags --allow-insecure-entitlement security.insecure --allow-insecure-entitlement network.host --use
2026-06-26T08:15:08.0045971Z builder-c1c572c7-fdd2-44a7-aea7-f3b61e97bac7
2026-06-26T08:15:08.0093061Z ##[endgroup]
2026-06-26T08:15:08.0097926Z ##[group]Booting builder
2026-06-26T08:15:08.0167832Z [command]/usr/bin/docker buildx inspect --bootstrap --builder builder-c1c572c7-fdd2-44a7-aea7-f3b61e97bac7
2026-06-26T08:15:08.0964048Z #1 [internal] booting buildkit
2026-06-26T08:15:08.2477326Z #1 pulling image moby/buildkit:buildx-stable-1
2026-06-26T08:15:10.3777259Z #1 pulling image moby/buildkit:buildx-stable-1 2.3s done
2026-06-26T08:15:10.5282276Z #1 creating container buildx_buildkit_builder-c1c572c7-fdd2-44a7-aea7-f3b61e97bac70
2026-06-26T08:15:10.9320067Z #1 creating container buildx_buildkit_builder-c1c572c7-fdd2-44a7-aea7-f3b61e97bac70 0.6s done
2026-06-26T08:15:10.9336657Z #1 DONE 2.8s
2026-06-26T08:15:10.9724798Z Name:          builder-c1c572c7-fdd2-44a7-aea7-f3b61e97bac7
2026-06-26T08:15:10.9726409Z Driver:        docker-container
2026-06-26T08:15:10.9727393Z Last Activity: 2026-06-26 08:15:07 +0000 UTC
2026-06-26T08:15:10.9728200Z 
2026-06-26T08:15:10.9730411Z Nodes:
2026-06-26T08:15:10.9731784Z Name:                  builder-c1c572c7-fdd2-44a7-aea7-f3b61e97bac70
2026-06-26T08:15:10.9733076Z Endpoint:              unix:///var/run/docker.sock
2026-06-26T08:15:10.9733966Z Status:                running
2026-06-26T08:15:10.9735606Z BuildKit daemon flags: --allow-insecure-entitlement security.insecure --allow-insecure-entitlement network.host
2026-06-26T08:15:10.9737570Z BuildKit version:      v0.30.0
2026-06-26T08:15:10.9739085Z Platforms:             linux/amd64, linux/amd64/v2, linux/amd64/v3, linux/amd64/v4, linux/386
2026-06-26T08:15:10.9740305Z Labels:
2026-06-26T08:15:10.9740670Z  org.mobyproject.buildkit.worker.executor:         oci
2026-06-26T08:15:10.9741629Z  org.mobyproject.buildkit.worker.hostname:         65962daf41a9
2026-06-26T08:15:10.9742361Z  org.mobyproject.buildkit.worker.network:          host
2026-06-26T08:15:10.9742962Z  org.mobyproject.buildkit.worker.oci.process-mode: sandbox
2026-06-26T08:15:10.9743581Z  org.mobyproject.buildkit.worker.selinux.enabled:  false
2026-06-26T08:15:10.9744224Z  org.mobyproject.buildkit.worker.snapshotter:      overlayfs
2026-06-26T08:15:10.9744729Z GC Policy rule#0:
2026-06-26T08:15:10.9745017Z  All:            false
2026-06-26T08:15:10.9745514Z  Filters:        type==source.local,type==exec.cachemount,type==source.git.checkout
2026-06-26T08:15:10.9746101Z  Keep Duration:  48h0m0s
2026-06-26T08:15:10.9746427Z  Max Used Space: 488.3MiB
2026-06-26T08:15:10.9746745Z GC Policy rule#1:
2026-06-26T08:15:10.9747029Z  All:            false
2026-06-26T08:15:10.9747334Z  Keep Duration:  1440h0m0s
2026-06-26T08:15:10.9747663Z  Reserved Space: 9.313GiB
2026-06-26T08:15:10.9748331Z  Max Used Space: 73.57GiB
2026-06-26T08:15:10.9748654Z  Min Free Space: 18.63GiB
2026-06-26T08:15:10.9748969Z GC Policy rule#2:
2026-06-26T08:15:10.9749253Z  All:            false
2026-06-26T08:15:10.9749559Z  Reserved Space: 9.313GiB
2026-06-26T08:15:10.9749882Z  Max Used Space: 73.57GiB
2026-06-26T08:15:10.9750212Z  Min Free Space: 18.63GiB
2026-06-26T08:15:10.9750524Z GC Policy rule#3:
2026-06-26T08:15:10.9750819Z  All:            true
2026-06-26T08:15:10.9751120Z  Reserved Space: 9.313GiB
2026-06-26T08:15:10.9751607Z  Max Used Space: 73.57GiB
2026-06-26T08:15:10.9751924Z  Min Free Space: 18.63GiB
2026-06-26T08:15:10.9847887Z ##[endgroup]
2026-06-26T08:15:11.1287251Z ##[group]Inspect builder
2026-06-26T08:15:11.1290396Z {
2026-06-26T08:15:11.1296265Z   "nodes": [
2026-06-26T08:15:11.1303323Z     {
2026-06-26T08:15:11.1304873Z       "name": "builder-c1c572c7-fdd2-44a7-aea7-f3b61e97bac70",
2026-06-26T08:15:11.1306086Z       "endpoint": "unix:///var/run/docker.sock",
2026-06-26T08:15:11.1306972Z       "status": "running",
2026-06-26T08:15:11.1315830Z       "buildkitd-flags": "--allow-insecure-entitlement security.insecure --allow-insecure-entitlement network.host",
2026-06-26T08:15:11.1317920Z       "buildkit": "v0.30.0",
2026-06-26T08:15:11.1319266Z       "platforms": "linux/amd64,linux/amd64/v2,linux/amd64/v3,linux/amd64/v4,linux/386",
2026-06-26T08:15:11.1321132Z       "features": {
2026-06-26T08:15:11.1323791Z         "Automatically load images to the Docker Engine image store": true,
2026-06-26T08:15:11.1325061Z         "Cache export": true,
2026-06-26T08:15:11.1325763Z         "Direct push": true,
2026-06-26T08:15:11.1326849Z         "Docker exporter": true,
2026-06-26T08:15:11.1335916Z         "Multi-platform build": true,
2026-06-26T08:15:11.1337424Z         "OCI exporter": true
2026-06-26T08:15:11.1338622Z       },
2026-06-26T08:15:11.1339690Z       "labels": {
2026-06-26T08:15:11.1341014Z         "org.mobyproject.buildkit.worker.executor": "oci",
2026-06-26T08:15:11.1342787Z         "org.mobyproject.buildkit.worker.hostname": "65962daf41a9",
2026-06-26T08:15:11.1344097Z         "org.mobyproject.buildkit.worker.network": "host",
2026-06-26T08:15:11.1346191Z         "org.mobyproject.buildkit.worker.oci.process-mode": "sandbox",
2026-06-26T08:15:11.1349387Z         "org.mobyproject.buildkit.worker.selinux.enabled": "false",
2026-06-26T08:15:11.1352360Z         "org.mobyproject.buildkit.worker.snapshotter": "overlayfs"
2026-06-26T08:15:11.1353939Z       },
2026-06-26T08:15:11.1354799Z       "gcPolicy": [
2026-06-26T08:15:11.1355923Z         {
2026-06-26T08:15:11.1356945Z           "all": false,
2026-06-26T08:15:11.1358072Z           "filter": [
2026-06-26T08:15:11.1359310Z             "type==source.local",
2026-06-26T08:15:11.1360867Z             "type==exec.cachemount",
2026-06-26T08:15:11.1362496Z             "type==source.git.checkout"
2026-06-26T08:15:11.1363896Z           ],
2026-06-26T08:15:11.1364949Z           "keepDuration": "48h0m0s",
2026-06-26T08:15:11.1366061Z           "maxUsedSpace": "488.3MiB"
2026-06-26T08:15:11.1367165Z         },
2026-06-26T08:15:11.1368315Z         {
2026-06-26T08:15:11.1369206Z           "all": false,
2026-06-26T08:15:11.1370185Z           "keepDuration": "1440h0m0s",
2026-06-26T08:15:11.1371572Z           "reservedSpace": "9.313GiB",
2026-06-26T08:15:11.1372761Z           "maxUsedSpace": "73.57GiB",
2026-06-26T08:15:11.1373951Z           "minFreeSpace": "18.63GiB"
2026-06-26T08:15:11.1375067Z         },
2026-06-26T08:15:11.1375873Z         {
2026-06-26T08:15:11.1376703Z           "all": false,
2026-06-26T08:15:11.1377760Z           "reservedSpace": "9.313GiB",
2026-06-26T08:15:11.1378977Z           "maxUsedSpace": "73.57GiB",
2026-06-26T08:15:11.1380139Z           "minFreeSpace": "18.63GiB"
2026-06-26T08:15:11.1381408Z         },
2026-06-26T08:15:11.1382150Z         {
2026-06-26T08:15:11.1382932Z           "all": true,
2026-06-26T08:15:11.1383923Z           "reservedSpace": "9.313GiB",
2026-06-26T08:15:11.1385092Z           "maxUsedSpace": "73.57GiB",
2026-06-26T08:15:11.1386621Z           "minFreeSpace": "18.63GiB"
2026-06-26T08:15:11.1387921Z         }
2026-06-26T08:15:11.1388698Z       ]
2026-06-26T08:15:11.1389500Z     }
2026-06-26T08:15:11.1390265Z   ],
2026-06-26T08:15:11.1391339Z   "name": "builder-c1c572c7-fdd2-44a7-aea7-f3b61e97bac7",
2026-06-26T08:15:11.1392562Z   "driver": "docker-container",
2026-06-26T08:15:11.1393456Z   "lastActivity": "2026-06-26T08:15:07.000Z"
2026-06-26T08:15:11.1394465Z }
2026-06-26T08:15:11.1396511Z ##[endgroup]
2026-06-26T08:15:11.1397602Z ##[group]BuildKit version
2026-06-26T08:15:11.1398443Z builder-c1c572c7-fdd2-44a7-aea7-f3b61e97bac70: v0.30.0
2026-06-26T08:15:11.1400191Z ##[endgroup]
2026-06-26T08:15:11.1568671Z ##[group]Run docker buildx build \
2026-06-26T08:15:11.1569244Z [36;1mdocker buildx build \[0m
2026-06-26T08:15:11.1569733Z [36;1m  --platform linux/amd64 \[0m
2026-06-26T08:15:11.1570248Z [36;1m  -f sample_app/Dockerfile \[0m
2026-06-26T08:15:11.1571062Z [36;1m  -t ai-devops-sample-app:6232fe95a6acc44f9ac0ebcac1cf9d31d60f39c6 \[0m
2026-06-26T08:15:11.1571820Z [36;1m  -t ai-devops-sample-app:latest \[0m
2026-06-26T08:15:11.1572224Z [36;1m  --load \[0m
2026-06-26T08:15:11.1572519Z [36;1m  sample_app[0m
2026-06-26T08:15:11.1593380Z shell: /usr/bin/bash -e {0}
2026-06-26T08:15:11.1593724Z env:
2026-06-26T08:15:11.1594175Z   pythonLocation: /home/ubuntu/actions-runner/_work/_tool/Python/3.12.13/x64
2026-06-26T08:15:11.1594987Z   PKG_CONFIG_PATH: /home/ubuntu/actions-runner/_work/_tool/Python/3.12.13/x64/lib/pkgconfig
2026-06-26T08:15:11.1595787Z   Python_ROOT_DIR: /home/ubuntu/actions-runner/_work/_tool/Python/3.12.13/x64
2026-06-26T08:15:11.1596574Z   Python2_ROOT_DIR: /home/ubuntu/actions-runner/_work/_tool/Python/3.12.13/x64
2026-06-26T08:15:11.1597303Z   Python3_ROOT_DIR: /home/ubuntu/actions-runner/_work/_tool/Python/3.12.13/x64
2026-06-26T08:15:11.1598043Z   LD_LIBRARY_PATH: /home/ubuntu/actions-runner/_work/_tool/Python/3.12.13/x64/lib
2026-06-26T08:15:11.1598894Z ##[endgroup]
2026-06-26T08:15:11.5472567Z #0 building with "builder-c1c572c7-fdd2-44a7-aea7-f3b61e97bac7" instance using docker-container driver
2026-06-26T08:15:11.5474664Z 
2026-06-26T08:15:11.5475266Z #1 [internal] load build definition from Dockerfile
2026-06-26T08:15:11.5476683Z #1 transferring dockerfile: 362B done
2026-06-26T08:15:11.5477780Z #1 DONE 0.0s
2026-06-26T08:15:11.5478326Z 
2026-06-26T08:15:11.5479038Z #2 [internal] load metadata for docker.io/library/python:3.1
2026-06-26T08:15:12.5638478Z #2 ERROR: docker.io/library/python:3.1: not found
2026-06-26T08:15:12.6251007Z ------
2026-06-26T08:15:12.6253830Z  > [internal] load metadata for docker.io/library/python:3.1:
2026-06-26T08:15:12.6256547Z ------
2026-06-26T08:15:12.6304159Z Dockerfile:1
2026-06-26T08:15:12.6306414Z --------------------
2026-06-26T08:15:12.6309134Z    1 | >>> FROM python:3.1
2026-06-26T08:15:12.6311012Z    2 |     WORKDIR /app
2026-06-26T08:15:12.6323716Z    3 |     COPY requirementsss11s.txt .
2026-06-26T08:15:12.6326845Z --------------------
2026-06-26T08:15:12.6334777Z ERROR: failed to build: failed to solve: python:3.1: failed to resolve source metadata for docker.io/library/python:3.1: docker.io/library/python:3.1: not found
2026-06-26T08:15:12.6417920Z ##[error]Process completed with exit code 1.
2026-06-26T08:15:12.6611409Z Node 20 is being deprecated. This workflow is running with Node 24 by default. If you need to temporarily use Node 20, you can set the ACTIONS_ALLOW_USE_UNSECURE_NODE_VERSION=true environment variable. For more information see: https://github.blog/changelog/2025-09-19-deprecation-of-node-20-on-github-actions-runners/
2026-06-26T08:15:12.6613230Z Post job cleanup.
2026-06-26T08:15:12.9987961Z ##[group]Removing builder
2026-06-26T08:15:12.9999855Z (node:1072376) [DEP0040] DeprecationWarning: The `punycode` module is deprecated. Please use a userland alternative instead.
2026-06-26T08:15:13.0004482Z (Use `node --trace-deprecation ...` to show where the warning was created)
2026-06-26T08:15:13.1645089Z [command]/usr/bin/docker buildx rm builder-c1c572c7-fdd2-44a7-aea7-f3b61e97bac7
2026-06-26T08:15:13.3934011Z builder-c1c572c7-fdd2-44a7-aea7-f3b61e97bac7 removed
2026-06-26T08:15:13.4022301Z ##[endgroup]
2026-06-26T08:15:13.4027434Z ##[group]Cleaning up certificates
2026-06-26T08:15:13.4039416Z ##[endgroup]
2026-06-26T08:15:13.4043125Z ##[group]Post cache
2026-06-26T08:15:13.4054775Z State not set
2026-06-26T08:15:13.4057712Z ##[endgroup]
2026-06-26T08:15:13.4493492Z Node 20 is being deprecated. This workflow is running with Node 24 by default. If you need to temporarily use Node 20, you can set the ACTIONS_ALLOW_USE_UNSECURE_NODE_VERSION=true environment variable. For more information see: https://github.blog/changelog/2025-09-19-deprecation-of-node-20-on-github-actions-runners/
2026-06-26T08:15:13.4496821Z Post job cleanup.
2026-06-26T08:15:13.5763849Z [command]/usr/bin/git version
2026-06-26T08:15:13.5834111Z git version 2.43.0
2026-06-26T08:15:13.5884748Z Temporarily overriding HOME='/home/ubuntu/actions-runner/_work/_temp/9c5ecd59-c047-4501-8197-88685c8a6d0f' before making global git config changes
2026-06-26T08:15:13.5891056Z Adding repository directory to the temporary git global config as a safe directory
2026-06-26T08:15:13.5894593Z [command]/usr/bin/git config --global --add safe.directory /home/ubuntu/actions-runner/_work/AI-based-debugger/AI-based-debugger
2026-06-26T08:15:13.5932891Z [command]/usr/bin/git config --local --name-only --get-regexp core\.sshCommand
2026-06-26T08:15:13.5984306Z [command]/usr/bin/git submodule foreach --recursive sh -c "git config --local --name-only --get-regexp 'core\.sshCommand' && git config --local --unset-all 'core.sshCommand' || :"
2026-06-26T08:15:13.6302680Z [command]/usr/bin/git config --local --name-only --get-regexp http\.https\:\/\/github\.com\/\.extraheader
2026-06-26T08:15:13.6329710Z http.https://github.com/.extraheader
2026-06-26T08:15:13.6345270Z [command]/usr/bin/git config --local --unset-all http.https://github.com/.extraheader
2026-06-26T08:15:13.6382740Z [command]/usr/bin/git submodule foreach --recursive sh -c "git config --local --name-only --get-regexp 'http\.https\:\/\/github\.com\/\.extraheader' && git config --local --unset-all 'http.https://github.com/.extraheader' || :"
2026-06-26T08:15:13.6640971Z [command]/usr/bin/git config --local --name-only --get-regexp ^includeIf\.gitdir:
2026-06-26T08:15:13.6679853Z [command]/usr/bin/git submodule foreach --recursive git config --local --show-origin --name-only --get-regexp remote.origin.url
2026-06-26T08:15:13.7129761Z Cleaning up orphan processes
2026-06-26T08:15:13.7620789Z ##[warning]Node.js 20 is deprecated. The following actions target Node.js 20 but are being forced to run on Node.js 24: actions/checkout@v4, actions/setup-python@v5, docker/setup-buildx-action@v3. For more information see: https://github.blog/changelog/2025-09-19-deprecation-of-node-20-on-github-actions-runners/


=== Build, Test, and (main only) Deploy/1_Set up job.txt ===
﻿2026-06-26T08:14:55.7715680Z Current runner version: '2.335.1'
2026-06-26T08:14:55.7730572Z Runner name: 'vm-runner'
2026-06-26T08:14:55.7733970Z Runner group name: 'Default'
2026-06-26T08:14:55.7737358Z Machine name: 'ubuntu'
2026-06-26T08:14:55.7745229Z ##[group]GITHUB_TOKEN Permissions
2026-06-26T08:14:55.7750117Z Contents: read
2026-06-26T08:14:55.7751755Z Metadata: read
2026-06-26T08:14:55.7753271Z ##[endgroup]
2026-06-26T08:14:55.7757783Z Secret source: Actions
2026-06-26T08:14:55.7759626Z Prepare workflow directory
2026-06-26T08:14:55.8398845Z Prepare all required actions
2026-06-26T08:14:55.8449525Z Getting action download info
2026-06-26T08:14:56.8256656Z Download action repository 'actions/checkout@v4' (SHA:34e114876b0b11c390a56381ad16ebd13914f8d5)
2026-06-26T08:14:58.5327309Z Download action repository 'actions/setup-python@v5' (SHA:a26af69be951a213d495a4c3e4e4022e16d87065)
2026-06-26T08:15:00.2646803Z Download action repository 'docker/setup-buildx-action@v3' (SHA:8d2750c68a42422c14e847fe6c8ac0403b4cbd6f)
2026-06-26T08:15:02.9480063Z Complete job name: Build, Test, and (main only) Deploy


=== Build, Test, and (main only) Deploy/24_Post Set up Docker Buildx.txt ===
﻿2026-06-26T08:15:12.6611390Z Node 20 is being deprecated. This workflow is running with Node 24 by default. If you need to temporarily use Node 20, you can set the ACTIONS_ALLOW_USE_UNSECURE_NODE_VERSION=true environment variable. For more information see: https://github.blog/changelog/2025-09-19-deprecation-of-node-20-on-github-actions-runners/
2026-06-26T08:15:12.6613226Z Post job cleanup.
2026-06-26T08:15:12.9987900Z ##[group]Removing builder
2026-06-26T08:15:12.9999807Z (node:1072376) [DEP0040] DeprecationWarning: The `punycode` module is deprecated. Please use a userland alternative instead.
2026-06-26T08:15:13.0004457Z (Use `node --trace-deprecation ...` to show where the warning was created)
2026-06-26T08:15:13.1645030Z [command]/usr/bin/docker buildx rm builder-c1c572c7-fdd2-44a7-aea7-f3b61e97bac7
2026-06-26T08:15:13.3933966Z builder-c1c572c7-fdd2-44a7-aea7-f3b61e97bac7 removed
2026-06-26T08:15:13.4022239Z ##[endgroup]
2026-06-26T08:15:13.4027418Z ##[group]Cleaning up certificates
2026-06-26T08:15:13.4039172Z ##[endgroup]
2026-06-26T08:15:13.4043083Z ##[group]Post cache
2026-06-26T08:15:13.4054714Z State not set
2026-06-26T08:15:13.4057680Z ##[endgroup]


=== Build, Test, and (main only) Deploy/26_Post Checkout repository.txt ===
﻿2026-06-26T08:15:13.4493471Z Node 20 is being deprecated. This workflow is running with Node 24 by default. If you need to temporarily use Node 20, you can set the ACTIONS_ALLOW_USE_UNSECURE_NODE_VERSION=true environment variable. For more information see: https://github.blog/changelog/2025-09-19-deprecation-of-node-20-on-github-actions-runners/
2026-06-26T08:15:13.4496809Z Post job cleanup.
2026-06-26T08:15:13.5763781Z [command]/usr/bin/git version
2026-06-26T08:15:13.5834070Z git version 2.43.0
2026-06-26T08:15:13.5884678Z Temporarily overriding HOME='/home/ubuntu/actions-runner/_work/_temp/9c5ecd59-c047-4501-8197-88685c8a6d0f' before making global git config changes
2026-06-26T08:15:13.5891037Z Adding repository directory to the temporary git global config as a safe directory
2026-06-26T08:15:13.5894582Z [command]/usr/bin/git config --global --add safe.directory /home/ubuntu/actions-runner/_work/AI-based-debugger/AI-based-debugger
2026-06-26T08:15:13.5932676Z [command]/usr/bin/git config --local --name-only --get-regexp core\.sshCommand
2026-06-26T08:15:13.5984281Z [command]/usr/bin/git submodule foreach --recursive sh -c "git config --local --name-only --get-regexp 'core\.sshCommand' && git config --local --unset-all 'core.sshCommand' || :"
2026-06-26T08:15:13.6302641Z [command]/usr/bin/git config --local --name-only --get-regexp http\.https\:\/\/github\.com\/\.extraheader
2026-06-26T08:15:13.6329677Z http.https://github.com/.extraheader
2026-06-26T08:15:13.6345251Z [command]/usr/bin/git config --local --unset-all http.https://github.com/.extraheader
2026-06-26T08:15:13.6382721Z [command]/usr/bin/git submodule foreach --recursive sh -c "git config --local --name-only --get-regexp 'http\.https\:\/\/github\.com\/\.extraheader' && git config --local --unset-all 'http.https://github.com/.extraheader' || :"
2026-06-26T08:15:13.6640937Z [command]/usr/bin/git config --local --name-only --get-regexp ^includeIf\.gitdir:
2026-06-26T08:15:13.6679805Z [command]/usr/bin/git submodule foreach --recursive git config --local --show-origin --name-only --get-regexp remote.origin.url


=== Build, Test, and (main only) Deploy/27_Complete job.txt ===
﻿2026-06-26T08:15:13.7129724Z Cleaning up orphan processes
2026-06-26T08:15:13.7620768Z ##[warning]Node.js 20 is deprecated. The following actions target Node.js 20 but are being forced to run on Node.js 24: actions/checkout@v4, actions/setup-python@v5, docker/setup-buildx-action@v3. For more information see: https://github.blog/changelog/2025-09-19-deprecation-of-node-20-on-github-actions-runners/


=== Build, Test, and (main only) Deploy/2_Checkout repository.txt ===
﻿2026-06-26T08:15:03.0689467Z Node 20 is being deprecated. This workflow is running with Node 24 by default. If you need to temporarily use Node 20, you can set the ACTIONS_ALLOW_USE_UNSECURE_NODE_VERSION=true environment variable. For more information see: https://github.blog/changelog/2025-09-19-deprecation-of-node-20-on-github-actions-runners/
2026-06-26T08:15:03.0699554Z ##[group]Run actions/checkout@v4
2026-06-26T08:15:03.0700166Z with:
2026-06-26T08:15:03.0700449Z   fetch-depth: 0
2026-06-26T08:15:03.0700810Z   repository: Mazhar10pearls/AI-based-debugger
2026-06-26T08:15:03.0705659Z   token: ***
2026-06-26T08:15:03.0705962Z   ssh-strict: true
2026-06-26T08:15:03.0706255Z   ssh-user: git
2026-06-26T08:15:03.0706556Z   persist-credentials: true
2026-06-26T08:15:03.0706904Z   clean: true
2026-06-26T08:15:03.0707207Z   sparse-checkout-cone-mode: true
2026-06-26T08:15:03.0707590Z   fetch-tags: false
2026-06-26T08:15:03.0707889Z   show-progress: true
2026-06-26T08:15:03.0708214Z   lfs: false
2026-06-26T08:15:03.0708498Z   submodules: false
2026-06-26T08:15:03.0708852Z   set-safe-directory: true
2026-06-26T08:15:03.0709474Z ##[endgroup]
2026-06-26T08:15:03.2365194Z Syncing repository: Mazhar10pearls/AI-based-debugger
2026-06-26T08:15:03.2368281Z ##[group]Getting Git version info
2026-06-26T08:15:03.2370477Z Working directory is '/home/ubuntu/actions-runner/_work/AI-based-debugger/AI-based-debugger'
2026-06-26T08:15:03.2373737Z [command]/usr/bin/git version
2026-06-26T08:15:03.2374759Z git version 2.43.0
2026-06-26T08:15:03.2377805Z ##[endgroup]
2026-06-26T08:15:03.2384433Z Temporarily overriding HOME='/home/ubuntu/actions-runner/_work/_temp/4e2c7050-bba9-4b6e-a8b9-ddc13f85989c' before making global git config changes
2026-06-26T08:15:03.2386717Z Adding repository directory to the temporary git global config as a safe directory
2026-06-26T08:15:03.2388635Z [command]/usr/bin/git config --global --add safe.directory /home/ubuntu/actions-runner/_work/AI-based-debugger/AI-based-debugger
2026-06-26T08:15:03.2390204Z [command]/usr/bin/git config --local --get remote.origin.url
2026-06-26T08:15:03.2395914Z https://github.com/Mazhar10pearls/AI-based-debugger
2026-06-26T08:15:03.2412557Z ##[group]Removing previously created refs, to avoid conflicts
2026-06-26T08:15:03.2417814Z [command]/usr/bin/git rev-parse --symbolic-full-name --verify --quiet HEAD
2026-06-26T08:15:03.2444633Z HEAD
2026-06-26T08:15:03.2547640Z ##[endgroup]
2026-06-26T08:15:03.2548593Z [command]/usr/bin/git submodule status
2026-06-26T08:15:03.2789658Z ##[group]Cleaning the repository
2026-06-26T08:15:03.2791350Z [command]/usr/bin/git clean -ffdx
2026-06-26T08:15:03.2822665Z Removing .pytest_cache/
2026-06-26T08:15:03.2823155Z Removing sample_app/__pycache__/
2026-06-26T08:15:03.2832141Z [command]/usr/bin/git reset --hard HEAD
2026-06-26T08:15:03.2880665Z HEAD is now at c18e7ea Merge 1ea6952dbb54a1176423d90f5a54962f8b0f71bf into a027ed84d64358ec09ce8f04a81718354c96dd0c
2026-06-26T08:15:03.2886988Z ##[endgroup]
2026-06-26T08:15:03.2888161Z ##[group]Disabling automatic garbage collection
2026-06-26T08:15:03.2892926Z [command]/usr/bin/git config --local gc.auto 0
2026-06-26T08:15:03.2952100Z ##[endgroup]
2026-06-26T08:15:03.2952714Z ##[group]Setting up auth
2026-06-26T08:15:03.2960771Z [command]/usr/bin/git config --local --name-only --get-regexp core\.sshCommand
2026-06-26T08:15:03.3001106Z [command]/usr/bin/git submodule foreach --recursive sh -c "git config --local --name-only --get-regexp 'core\.sshCommand' && git config --local --unset-all 'core.sshCommand' || :"
2026-06-26T08:15:03.3269087Z [command]/usr/bin/git config --local --name-only --get-regexp http\.https\:\/\/github\.com\/\.extraheader
2026-06-26T08:15:03.3305945Z [command]/usr/bin/git submodule foreach --recursive sh -c "git config --local --name-only --get-regexp 'http\.https\:\/\/github\.com\/\.extraheader' && git config --local --unset-all 'http.https://github.com/.extraheader' || :"
2026-06-26T08:15:03.3554497Z [command]/usr/bin/git config --local --name-only --get-regexp ^includeIf\.gitdir:
2026-06-26T08:15:03.3587599Z [command]/usr/bin/git submodule foreach --recursive git config --local --show-origin --name-only --get-regexp remote.origin.url
2026-06-26T08:15:03.3847934Z [command]/usr/bin/git config --local http.https://github.com/.extraheader AUTHORIZATION: basic ***
2026-06-26T08:15:03.3891794Z ##[endgroup]
2026-06-26T08:15:03.3892664Z ##[group]Fetching the repository
2026-06-26T08:15:03.3906390Z [command]/usr/bin/git -c protocol.version=2 fetch --prune --no-recurse-submodules origin +refs/heads/*:refs/remotes/origin/* +refs/tags/*:refs/tags/*
2026-06-26T08:15:04.7468657Z From https://github.com/Mazhar10pearls/AI-based-debugger
2026-06-26T08:15:04.7470166Z    a027ed8..6232fe9  develop    -> origin/develop
2026-06-26T08:15:04.7569812Z [command]/usr/bin/git branch --list --remote origin/develop
2026-06-26T08:15:04.7625633Z   origin/develop
2026-06-26T08:15:04.7638195Z [command]/usr/bin/git rev-parse refs/remotes/origin/develop
2026-06-26T08:15:04.7665402Z 6232fe95a6acc44f9ac0ebcac1cf9d31d60f39c6
2026-06-26T08:15:04.7670477Z ##[endgroup]
2026-06-26T08:15:04.7673273Z ##[group]Determining the checkout info
2026-06-26T08:15:04.7675455Z ##[endgroup]
2026-06-26T08:15:04.7678426Z [command]/usr/bin/git sparse-checkout disable
2026-06-26T08:15:04.7738747Z [command]/usr/bin/git config --local --unset-all extensions.worktreeConfig
2026-06-26T08:15:04.7771100Z ##[group]Checking out the ref
2026-06-26T08:15:04.7774510Z [command]/usr/bin/git checkout --progress --force -B develop refs/remotes/origin/develop
2026-06-26T08:15:04.7831311Z Previous HEAD position was c18e7ea Merge 1ea6952dbb54a1176423d90f5a54962f8b0f71bf into a027ed84d64358ec09ce8f04a81718354c96dd0c
2026-06-26T08:15:04.7843204Z Switched to a new branch 'develop'
2026-06-26T08:15:04.7844646Z branch 'develop' set up to track 'origin/develop'.
2026-06-26T08:15:04.7852459Z ##[endgroup]
2026-06-26T08:15:04.7943328Z [command]/usr/bin/git log -1 --format=%H
2026-06-26T08:15:04.8009204Z 6232fe95a6acc44f9ac0ebcac1cf9d31d60f39c6


=== Build, Test, and (main only) Deploy/3_Set up Python.txt ===
﻿2026-06-26T08:15:04.8309620Z Node 20 is being deprecated. This workflow is running with Node 24 by default. If you need to temporarily use Node 20, you can set the ACTIONS_ALLOW_USE_UNSECURE_NODE_VERSION=true environment variable. For more information see: https://github.blog/changelog/2025-09-19-deprecation-of-node-20-on-github-actions-runners/
2026-06-26T08:15:04.8312474Z ##[group]Run actions/setup-python@v5
2026-06-26T08:15:04.8312875Z with:
2026-06-26T08:15:04.8313149Z   python-version: 3.12
2026-06-26T08:15:04.8313471Z   check-latest: false
2026-06-26T08:15:04.8318352Z   token: ***
2026-06-26T08:15:04.8318691Z   update-environment: true
2026-06-26T08:15:04.8319061Z   allow-prereleases: false
2026-06-26T08:15:04.8319412Z   freethreaded: false
2026-06-26T08:15:04.8319728Z ##[endgroup]
2026-06-26T08:15:05.0708858Z ##[group]Installed versions
2026-06-26T08:15:05.0778957Z (node:1071779) [DEP0040] DeprecationWarning: The `punycode` module is deprecated. Please use a userland alternative instead.
2026-06-26T08:15:05.0783783Z Successfully set up CPython (3.12.13)
2026-06-26T08:15:05.0790312Z (Use `node --trace-deprecation ...` to show where the warning was created)
2026-06-26T08:15:05.0795023Z ##[endgroup]


=== Build, Test, and (main only) Deploy/4_Install dependencies.txt ===
﻿2026-06-26T08:15:05.0974390Z ##[group]Run python -m pip install --upgrade pip
2026-06-26T08:15:05.0975009Z [36;1mpython -m pip install --upgrade pip[0m
2026-06-26T08:15:05.0975501Z [36;1mpip install -r sample_app/requirements.txt[0m
2026-06-26T08:15:05.1008036Z shell: /usr/bin/bash -e {0}
2026-06-26T08:15:05.1015623Z env:
2026-06-26T08:15:05.1016235Z   pythonLocation: /home/ubuntu/actions-runner/_work/_tool/Python/3.12.13/x64
2026-06-26T08:15:05.1017725Z   PKG_CONFIG_PATH: /home/ubuntu/actions-runner/_work/_tool/Python/3.12.13/x64/lib/pkgconfig
2026-06-26T08:15:05.1021115Z   Python_ROOT_DIR: /home/ubuntu/actions-runner/_work/_tool/Python/3.12.13/x64
2026-06-26T08:15:05.1022696Z   Python2_ROOT_DIR: /home/ubuntu/actions-runner/_work/_tool/Python/3.12.13/x64
2026-06-26T08:15:05.1023656Z   Python3_ROOT_DIR: /home/ubuntu/actions-runner/_work/_tool/Python/3.12.13/x64
2026-06-26T08:15:05.1024590Z   LD_LIBRARY_PATH: /home/ubuntu/actions-runner/_work/_tool/Python/3.12.13/x64/lib
2026-06-26T08:15:05.1025289Z ##[endgroup]
2026-06-26T08:15:05.5117479Z Requirement already satisfied: pip in /home/ubuntu/actions-runner/_work/_tool/Python/3.12.13/x64/lib/python3.12/site-packages (26.1.2)
2026-06-26T08:15:06.5208088Z Requirement already satisfied: Flask==2.3.3 in /home/ubuntu/actions-runner/_work/_tool/Python/3.12.13/x64/lib/python3.12/site-packages (from -r sample_app/requirements.txt (line 1)) (2.3.3)
2026-06-26T08:15:06.5217590Z Requirement already satisfied: pytest==7.4.0 in /home/ubuntu/actions-runner/_work/_tool/Python/3.12.13/x64/lib/python3.12/site-packages (from -r sample_app/requirements.txt (line 2)) (7.4.0)
2026-06-26T08:15:06.5226774Z Requirement already satisfied: Werkzeug>=2.3.7 in /home/ubuntu/actions-runner/_work/_tool/Python/3.12.13/x64/lib/python3.12/site-packages (from Flask==2.3.3->-r sample_app/requirements.txt (line 1)) (3.1.8)
2026-06-26T08:15:06.5238352Z Requirement already satisfied: Jinja2>=3.1.2 in /home/ubuntu/actions-runner/_work/_tool/Python/3.12.13/x64/lib/python3.12/site-packages (from Flask==2.3.3->-r sample_app/requirements.txt (line 1)) (3.1.6)
2026-06-26T08:15:06.5248882Z Requirement already satisfied: itsdangerous>=2.1.2 in /home/ubuntu/actions-runner/_work/_tool/Python/3.12.13/x64/lib/python3.12/site-packages (from Flask==2.3.3->-r sample_app/requirements.txt (line 1)) (2.2.0)
2026-06-26T08:15:06.5258258Z Requirement already satisfied: click>=8.1.3 in /home/ubuntu/actions-runner/_work/_tool/Python/3.12.13/x64/lib/python3.12/site-packages (from Flask==2.3.3->-r sample_app/requirements.txt (line 1)) (8.4.1)
2026-06-26T08:15:06.5268785Z Requirement already satisfied: blinker>=1.6.2 in /home/ubuntu/actions-runner/_work/_tool/Python/3.12.13/x64/lib/python3.12/site-packages (from Flask==2.3.3->-r sample_app/requirements.txt (line 1)) (1.9.0)
2026-06-26T08:15:06.5280792Z Requirement already satisfied: iniconfig in /home/ubuntu/actions-runner/_work/_tool/Python/3.12.13/x64/lib/python3.12/site-packages (from pytest==7.4.0->-r sample_app/requirements.txt (line 2)) (2.3.0)
2026-06-26T08:15:06.5293455Z Requirement already satisfied: packaging in /home/ubuntu/actions-runner/_work/_tool/Python/3.12.13/x64/lib/python3.12/site-packages (from pytest==7.4.0->-r sample_app/requirements.txt (line 2)) (26.2)
2026-06-26T08:15:06.5305951Z Requirement already satisfied: pluggy<2.0,>=0.12 in /home/ubuntu/actions-runner/_work/_tool/Python/3.12.13/x64/lib/python3.12/site-packages (from pytest==7.4.0->-r sample_app/requirements.txt (line 2)) (1.6.0)
2026-06-26T08:15:06.5331467Z Requirement already satisfied: MarkupSafe>=2.0 in /home/ubuntu/actions-runner/_work/_tool/Python/3.12.13/x64/lib/python3.12/site-packages (from Jinja2>=3.1.2->Flask==2.3.3->-r sample_app/requirements.txt (line 1)) (3.0.3)


=== Build, Test, and (main only) Deploy/5_Run unit tests.txt ===
﻿2026-06-26T08:15:06.6083426Z ##[group]Run pytest sample_app/test_app.py
2026-06-26T08:15:06.6084719Z [36;1mpytest sample_app/test_app.py[0m
2026-06-26T08:15:06.6136712Z shell: /usr/bin/bash -e {0}
2026-06-26T08:15:06.6137099Z env:
2026-06-26T08:15:06.6137605Z   pythonLocation: /home/ubuntu/actions-runner/_work/_tool/Python/3.12.13/x64
2026-06-26T08:15:06.6138526Z   PKG_CONFIG_PATH: /home/ubuntu/actions-runner/_work/_tool/Python/3.12.13/x64/lib/pkgconfig
2026-06-26T08:15:06.6139431Z   Python_ROOT_DIR: /home/ubuntu/actions-runner/_work/_tool/Python/3.12.13/x64
2026-06-26T08:15:06.6140268Z   Python2_ROOT_DIR: /home/ubuntu/actions-runner/_work/_tool/Python/3.12.13/x64
2026-06-26T08:15:06.6141088Z   Python3_ROOT_DIR: /home/ubuntu/actions-runner/_work/_tool/Python/3.12.13/x64
2026-06-26T08:15:06.6142080Z   LD_LIBRARY_PATH: /home/ubuntu/actions-runner/_work/_tool/Python/3.12.13/x64/lib
2026-06-26T08:15:06.6142719Z ##[endgroup]
2026-06-26T08:15:06.9633207Z ============================= test session starts ==============================
2026-06-26T08:15:06.9635628Z platform linux -- Python 3.12.13, pytest-7.4.0, pluggy-1.6.0
2026-06-26T08:15:06.9637807Z rootdir: /home/ubuntu/actions-runner/_work/AI-based-debugger/AI-based-debugger
2026-06-26T08:15:06.9639710Z collected 1 item
2026-06-26T08:15:06.9640253Z 
2026-06-26T08:15:06.9699249Z sample_app/test_app.py .                                                 [100%]
2026-06-26T08:15:06.9700637Z 
2026-06-26T08:15:06.9701929Z ============================== 1 passed in 0.13s ===============================


=== Build, Test, and (main only) Deploy/6_Set up Docker Buildx.txt ===
﻿2026-06-26T08:15:07.0418138Z Node 20 is being deprecated. This workflow is running with Node 24 by default. If you need to temporarily use Node 20, you can set the ACTIONS_ALLOW_USE_UNSECURE_NODE_VERSION=true environment variable. For more information see: https://github.blog/changelog/2025-09-19-deprecation-of-node-20-on-github-actions-runners/
2026-06-26T08:15:07.0424770Z ##[group]Run docker/setup-buildx-action@v3
2026-06-26T08:15:07.0425961Z with:
2026-06-26T08:15:07.0428473Z   driver: docker-container
2026-06-26T08:15:07.0429621Z   use: true
2026-06-26T08:15:07.0430429Z   keep-state: false
2026-06-26T08:15:07.0431707Z   cache-binary: true
2026-06-26T08:15:07.0432579Z   cleanup: true
2026-06-26T08:15:07.0433394Z   install: false
2026-06-26T08:15:07.0434183Z env:
2026-06-26T08:15:07.0435584Z   pythonLocation: /home/ubuntu/actions-runner/_work/_tool/Python/3.12.13/x64
2026-06-26T08:15:07.0438088Z   PKG_CONFIG_PATH: /home/ubuntu/actions-runner/_work/_tool/Python/3.12.13/x64/lib/pkgconfig
2026-06-26T08:15:07.0440562Z   Python_ROOT_DIR: /home/ubuntu/actions-runner/_work/_tool/Python/3.12.13/x64
2026-06-26T08:15:07.0443142Z   Python2_ROOT_DIR: /home/ubuntu/actions-runner/_work/_tool/Python/3.12.13/x64
2026-06-26T08:15:07.0445401Z   Python3_ROOT_DIR: /home/ubuntu/actions-runner/_work/_tool/Python/3.12.13/x64
2026-06-26T08:15:07.0447666Z   LD_LIBRARY_PATH: /home/ubuntu/actions-runner/_work/_tool/Python/3.12.13/x64/lib
2026-06-26T08:15:07.0449357Z ##[endgroup]
2026-06-26T08:15:07.3923726Z (node:1071825) [DEP0040] DeprecationWarning: The `punycode` module is deprecated. Please use a userland alternative instead.
2026-06-26T08:15:07.3927000Z (Use `node --trace-deprecation ...` to show where the warning was created)
2026-06-26T08:15:07.3979219Z ##[group]Docker info
2026-06-26T08:15:07.4003565Z [command]/usr/bin/docker version
2026-06-26T08:15:07.4369748Z Client:
2026-06-26T08:15:07.4373100Z  Version:           29.1.3
2026-06-26T08:15:07.4374051Z  API version:       1.52
2026-06-26T08:15:07.4374867Z  Go version:        go1.24.4
2026-06-26T08:15:07.4375848Z  Git commit:        29.1.3-0ubuntu3~24.04.2
2026-06-26T08:15:07.4376280Z  Built:             Wed Apr 29 16:41:06 2026
2026-06-26T08:15:07.4376675Z  OS/Arch:           linux/amd64
2026-06-26T08:15:07.4377014Z  Context:           default
2026-06-26T08:15:07.4377230Z 
2026-06-26T08:15:07.4377346Z Server:
2026-06-26T08:15:07.4377591Z  Engine:
2026-06-26T08:15:07.4377848Z   Version:          29.1.3
2026-06-26T08:15:07.4378208Z   API version:      1.52 (minimum version 1.44)
2026-06-26T08:15:07.4378625Z   Go version:       go1.24.4
2026-06-26T08:15:07.4379341Z   Git commit:       29.1.3-0ubuntu3~24.04.2
2026-06-26T08:15:07.4379755Z   Built:            Wed Apr 29 16:41:06 2026
2026-06-26T08:15:07.4380149Z   OS/Arch:          linux/amd64
2026-06-26T08:15:07.4380505Z   Experimental:     false
2026-06-26T08:15:07.4380827Z  containerd:
2026-06-26T08:15:07.4381104Z   Version:          2.2.1
2026-06-26T08:15:07.4381950Z   GitCommit:        
2026-06-26T08:15:07.4382435Z  runc:
2026-06-26T08:15:07.4382722Z   Version:          1.3.4-0ubuntu1~24.04.1
2026-06-26T08:15:07.4383274Z   GitCommit:        
2026-06-26T08:15:07.4383574Z  docker-init:
2026-06-26T08:15:07.4383889Z   Version:          0.19.0
2026-06-26T08:15:07.4384203Z   GitCommit:        
2026-06-26T08:15:07.4430191Z [command]/usr/bin/docker info
2026-06-26T08:15:07.5041003Z Client:
2026-06-26T08:15:07.5042420Z  Version:    29.1.3
2026-06-26T08:15:07.5045630Z  Context:    default
2026-06-26T08:15:07.5046751Z  Debug Mode: false
2026-06-26T08:15:07.5047785Z  Plugins:
2026-06-26T08:15:07.5048838Z   buildx: Docker Buildx (Docker Inc.)
2026-06-26T08:15:07.5049851Z     Version:  v0.34.1
2026-06-26T08:15:07.5050990Z     Path:     /home/ubuntu/.docker/cli-plugins/docker-buildx
2026-06-26T08:15:07.5052965Z   trust: Manage trust on Docker images (Docker Inc.)
2026-06-26T08:15:07.5054439Z     Version:  29.1.3
2026-06-26T08:15:07.5055741Z     Path:     /usr/libexec/docker/cli-plugins/docker-trust
2026-06-26T08:15:07.5056836Z 
2026-06-26T08:15:07.5057233Z Server:
2026-06-26T08:15:07.5058691Z  Containers: 3
2026-06-26T08:15:07.5059698Z   Running: 1
2026-06-26T08:15:07.5060646Z   Paused: 0
2026-06-26T08:15:07.5061401Z   Stopped: 2
2026-06-26T08:15:07.5061788Z  Images: 32
2026-06-26T08:15:07.5062253Z  Server Version: 29.1.3
2026-06-26T08:15:07.5062765Z  Storage Driver: overlayfs
2026-06-26T08:15:07.5063423Z   driver-type: io.containerd.snapshotter.v1
2026-06-26T08:15:07.5064209Z  Logging Driver: json-file
2026-06-26T08:15:07.5064867Z  Cgroup Driver: systemd
2026-06-26T08:15:07.5065382Z  Cgroup Version: 2
2026-06-26T08:15:07.5065856Z  Plugins:
2026-06-26T08:15:07.5066270Z   Volume: local
2026-06-26T08:15:07.5066795Z   Network: bridge host ipvlan macvlan null overlay
2026-06-26T08:15:07.5067693Z   Log: awslogs fluentd gcplogs gelf journald json-file local splunk syslog
2026-06-26T08:15:07.5068645Z  CDI spec directories:
2026-06-26T08:15:07.5069111Z   /etc/cdi
2026-06-26T08:15:07.5069478Z   /var/run/cdi
2026-06-26T08:15:07.5069926Z  Swarm: inactive
2026-06-26T08:15:07.5070419Z  Runtimes: io.containerd.runc.v2 runc
2026-06-26T08:15:07.5071100Z  Default Runtime: runc
2026-06-26T08:15:07.5071951Z  Init Binary: docker-init
2026-06-26T08:15:07.5072496Z  containerd version: 
2026-06-26T08:15:07.5072979Z  runc version: 
2026-06-26T08:15:07.5073403Z  init version: 
2026-06-26T08:15:07.5073823Z  Security Options:
2026-06-26T08:15:07.5074277Z   apparmor
2026-06-26T08:15:07.5074928Z   seccomp
2026-06-26T08:15:07.5075204Z    Profile: builtin
2026-06-26T08:15:07.5075490Z   cgroupns
2026-06-26T08:15:07.5075783Z  Kernel Version: 6.8.0-87-generic
2026-06-26T08:15:07.5076180Z  Operating System: Ubuntu 24.04.3 LTS
2026-06-26T08:15:07.5076556Z  OSType: linux
2026-06-26T08:15:07.5076844Z  Architecture: x86_64
2026-06-26T08:15:07.5077149Z  CPUs: 4
2026-06-26T08:15:07.5077657Z  Total Memory: 7.755GiB
2026-06-26T08:15:07.5077967Z  Name: ubuntu
2026-06-26T08:15:07.5078275Z  ID: b9791dbb-54d2-4ad2-8b64-ef89c78c6785
2026-06-26T08:15:07.5078864Z  Docker Root Dir: /var/lib/docker
2026-06-26T08:15:07.5079213Z  Debug Mode: false
2026-06-26T08:15:07.5079703Z  Experimental: false
2026-06-26T08:15:07.5080019Z  Insecure Registries:
2026-06-26T08:15:07.5080322Z   127.0.0.0/8
2026-06-26T08:15:07.5080767Z   ::1/128
2026-06-26T08:15:07.5081047Z  Live Restore Enabled: false
2026-06-26T08:15:07.5082064Z  Firewall Backend: iptables
2026-06-26T08:15:07.5082302Z 
2026-06-26T08:15:07.5082926Z ##[endgroup]
2026-06-26T08:15:07.5928349Z ##[group]Buildx version
2026-06-26T08:15:07.5954712Z [command]/usr/bin/docker buildx version
2026-06-26T08:15:07.6723516Z github.com/docker/buildx v0.34.1 e0b0e77d18d3379bc1e0d55f3b37de288d36fe47
2026-06-26T08:15:07.6767777Z ##[endgroup]
2026-06-26T08:15:07.6989036Z ##[group]Inspecting default docker context
2026-06-26T08:15:07.7193877Z [
2026-06-26T08:15:07.7194331Z   {
2026-06-26T08:15:07.7194765Z     "Name": "default",
2026-06-26T08:15:07.7195272Z     "Metadata": {},
2026-06-26T08:15:07.7195761Z     "Endpoints": {
2026-06-26T08:15:07.7196250Z       "docker": {
2026-06-26T08:15:07.7196780Z         "Host": "unix:///var/run/docker.sock",
2026-06-26T08:15:07.7197539Z         "SkipTLSVerify": false
2026-06-26T08:15:07.7198079Z       }
2026-06-26T08:15:07.7198495Z     },
2026-06-26T08:15:07.7198937Z     "TLSMaterial": {},
2026-06-26T08:15:07.7199583Z     "Storage": {
2026-06-26T08:15:07.7200113Z       "MetadataPath": "<IN MEMORY>",
2026-06-26T08:15:07.7200858Z       "TLSPath": "<IN MEMORY>"
2026-06-26T08:15:07.7201669Z     }
2026-06-26T08:15:07.7202106Z   }
2026-06-26T08:15:07.7202530Z ]
2026-06-26T08:15:07.7203509Z ##[endgroup]
2026-06-26T08:15:07.7204478Z ##[group]Creating a new builder instance
2026-06-26T08:15:07.9119172Z [command]/usr/bin/docker buildx create --name builder-c1c572c7-fdd2-44a7-aea7-f3b61e97bac7 --driver docker-container --buildkitd-flags --allow-insecure-entitlement security.insecure --allow-insecure-entitlement network.host --use
2026-06-26T08:15:08.0045927Z builder-c1c572c7-fdd2-44a7-aea7-f3b61e97bac7
2026-06-26T08:15:08.0093032Z ##[endgroup]
2026-06-26T08:15:08.0097582Z ##[group]Booting builder
2026-06-26T08:15:08.0167769Z [command]/usr/bin/docker buildx inspect --bootstrap --builder builder-c1c572c7-fdd2-44a7-aea7-f3b61e97bac7
2026-06-26T08:15:08.0964000Z #1 [internal] booting buildkit
2026-06-26T08:15:08.2477233Z #1 pulling image moby/buildkit:buildx-stable-1
2026-06-26T08:15:10.3777207Z #1 pulling image moby/buildkit:buildx-stable-1 2.3s done
2026-06-26T08:15:10.5282217Z #1 creating container buildx_buildkit_builder-c1c572c7-fdd2-44a7-aea7-f3b61e97bac70
2026-06-26T08:15:10.9320016Z #1 creating container buildx_buildkit_builder-c1c572c7-fdd2-44a7-aea7-f3b61e97bac70 0.6s done
2026-06-26T08:15:10.9336624Z #1 DONE 2.8s
2026-06-26T08:15:10.9724750Z Name:          builder-c1c572c7-fdd2-44a7-aea7-f3b61e97bac7
2026-06-26T08:15:10.9726396Z Driver:        docker-container
2026-06-26T08:15:10.9727382Z Last Activity: 2026-06-26 08:15:07 +0000 UTC
2026-06-26T08:15:10.9728186Z 
2026-06-26T08:15:10.9730390Z Nodes:
2026-06-26T08:15:10.9731721Z Name:                  builder-c1c572c7-fdd2-44a7-aea7-f3b61e97bac70
2026-06-26T08:15:10.9733066Z Endpoint:              unix:///var/run/docker.sock
2026-06-26T08:15:10.9733957Z Status:                running
2026-06-26T08:15:10.9735595Z BuildKit daemon flags: --allow-insecure-entitlement security.insecure --allow-insecure-entitlement network.host
2026-06-26T08:15:10.9737557Z BuildKit version:      v0.30.0
2026-06-26T08:15:10.9739060Z Platforms:             linux/amd64, linux/amd64/v2, linux/amd64/v3, linux/amd64/v4, linux/386
2026-06-26T08:15:10.9740301Z Labels:
2026-06-26T08:15:10.9740666Z  org.mobyproject.buildkit.worker.executor:         oci
2026-06-26T08:15:10.9741623Z  org.mobyproject.buildkit.worker.hostname:         65962daf41a9
2026-06-26T08:15:10.9742356Z  org.mobyproject.buildkit.worker.network:          host
2026-06-26T08:15:10.9742959Z  org.mobyproject.buildkit.worker.oci.process-mode: sandbox
2026-06-26T08:15:10.9743578Z  org.mobyproject.buildkit.worker.selinux.enabled:  false
2026-06-26T08:15:10.9744190Z  org.mobyproject.buildkit.worker.snapshotter:      overlayfs
2026-06-26T08:15:10.9744727Z GC Policy rule#0:
2026-06-26T08:15:10.9745014Z  All:            false
2026-06-26T08:15:10.9745511Z  Filters:        type==source.local,type==exec.cachemount,type==source.git.checkout
2026-06-26T08:15:10.9746098Z  Keep Duration:  48h0m0s
2026-06-26T08:15:10.9746424Z  Max Used Space: 488.3MiB
2026-06-26T08:15:10.9746742Z GC Policy rule#1:
2026-06-26T08:15:10.9747026Z  All:            false
2026-06-26T08:15:10.9747331Z  Keep Duration:  1440h0m0s
2026-06-26T08:15:10.9747660Z  Reserved Space: 9.313GiB
2026-06-26T08:15:10.9748327Z  Max Used Space: 73.57GiB
2026-06-26T08:15:10.9748651Z  Min Free Space: 18.63GiB
2026-06-26T08:15:10.9748966Z GC Policy rule#2:
2026-06-26T08:15:10.9749251Z  All:            false
2026-06-26T08:15:10.9749556Z  Reserved Space: 9.313GiB
2026-06-26T08:15:10.9749880Z  Max Used Space: 73.57GiB
2026-06-26T08:15:10.9750197Z  Min Free Space: 18.63GiB
2026-06-26T08:15:10.9750521Z GC Policy rule#3:
2026-06-26T08:15:10.9750805Z  All:            true
2026-06-26T08:15:10.9751118Z  Reserved Space: 9.313GiB
2026-06-26T08:15:10.9751604Z  Max Used Space: 73.57GiB
2026-06-26T08:15:10.9751922Z  Min Free Space: 18.63GiB
2026-06-26T08:15:10.9847849Z ##[endgroup]
2026-06-26T08:15:11.1287199Z ##[group]Inspect builder
2026-06-26T08:15:11.1290362Z {
2026-06-26T08:15:11.1296225Z   "nodes": [
2026-06-26T08:15:11.1302688Z     {
2026-06-26T08:15:11.1304838Z       "name": "builder-c1c572c7-fdd2-44a7-aea7-f3b61e97bac70",
2026-06-26T08:15:11.1306073Z       "endpoint": "unix:///var/run/docker.sock",
2026-06-26T08:15:11.1306961Z       "status": "running",
2026-06-26T08:15:11.1315805Z       "buildkitd-flags": "--allow-insecure-entitlement security.insecure --allow-insecure-entitlement network.host",
2026-06-26T08:15:11.1317910Z       "buildkit": "v0.30.0",
2026-06-26T08:15:11.1319260Z       "platforms": "linux/amd64,linux/amd64/v2,linux/amd64/v3,linux/amd64/v4,linux/386",
2026-06-26T08:15:11.1321122Z       "features": {
2026-06-26T08:15:11.1323355Z         "Automatically load images to the Docker Engine image store": true,
2026-06-26T08:15:11.1325050Z         "Cache export": true,
2026-06-26T08:15:11.1325759Z         "Direct push": true,
2026-06-26T08:15:11.1326840Z         "Docker exporter": true,
2026-06-26T08:15:11.1335898Z         "Multi-platform build": true,
2026-06-26T08:15:11.1337413Z         "OCI exporter": true
2026-06-26T08:15:11.1338612Z       },
2026-06-26T08:15:11.1339683Z       "labels": {
2026-06-26T08:15:11.1341003Z         "org.mobyproject.buildkit.worker.executor": "oci",
2026-06-26T08:15:11.1342778Z         "org.mobyproject.buildkit.worker.hostname": "65962daf41a9",
2026-06-26T08:15:11.1344090Z         "org.mobyproject.buildkit.worker.network": "host",
2026-06-26T08:15:11.1346180Z         "org.mobyproject.buildkit.worker.oci.process-mode": "sandbox",
2026-06-26T08:15:11.1349372Z         "org.mobyproject.buildkit.worker.selinux.enabled": "false",
2026-06-26T08:15:11.1352348Z         "org.mobyproject.buildkit.worker.snapshotter": "overlayfs"
2026-06-26T08:15:11.1353903Z       },
2026-06-26T08:15:11.1354787Z       "gcPolicy": [
2026-06-26T08:15:11.1355912Z         {
2026-06-26T08:15:11.1356934Z           "all": false,
2026-06-26T08:15:11.1358062Z           "filter": [
2026-06-26T08:15:11.1359300Z             "type==source.local",
2026-06-26T08:15:11.1360856Z             "type==exec.cachemount",
2026-06-26T08:15:11.1362484Z             "type==source.git.checkout"
2026-06-26T08:15:11.1363886Z           ],
2026-06-26T08:15:11.1364940Z           "keepDuration": "48h0m0s",
2026-06-26T08:15:11.1366053Z           "maxUsedSpace": "488.3MiB"
2026-06-26T08:15:11.1367158Z         },
2026-06-26T08:15:11.1368305Z         {
2026-06-26T08:15:11.1369201Z           "all": false,
2026-06-26T08:15:11.1370176Z           "keepDuration": "1440h0m0s",
2026-06-26T08:15:11.1371563Z           "reservedSpace": "9.313GiB",
2026-06-26T08:15:11.1372753Z           "maxUsedSpace": "73.57GiB",
2026-06-26T08:15:11.1373943Z           "minFreeSpace": "18.63GiB"
2026-06-26T08:15:11.1375038Z         },
2026-06-26T08:15:11.1375865Z         {
2026-06-26T08:15:11.1376695Z           "all": false,
2026-06-26T08:15:11.1377752Z           "reservedSpace": "9.313GiB",
2026-06-26T08:15:11.1378970Z           "maxUsedSpace": "73.57GiB",
2026-06-26T08:15:11.1380115Z           "minFreeSpace": "18.63GiB"
2026-06-26T08:15:11.1381399Z         },
2026-06-26T08:15:11.1382142Z         {
2026-06-26T08:15:11.1382924Z           "all": true,
2026-06-26T08:15:11.1383915Z           "reservedSpace": "9.313GiB",
2026-06-26T08:15:11.1385085Z           "maxUsedSpace": "73.57GiB",
2026-06-26T08:15:11.1386613Z           "minFreeSpace": "18.63GiB"
2026-06-26T08:15:11.1387911Z         }
2026-06-26T08:15:11.1388690Z       ]
2026-06-26T08:15:11.1389491Z     }
2026-06-26T08:15:11.1390257Z   ],
2026-06-26T08:15:11.1391328Z   "name": "builder-c1c572c7-fdd2-44a7-aea7-f3b61e97bac7",
2026-06-26T08:15:11.1392552Z   "driver": "docker-container",
2026-06-26T08:15:11.1393447Z   "lastActivity": "2026-06-26T08:15:07.000Z"
2026-06-26T08:15:11.1394429Z }
2026-06-26T08:15:11.1396501Z ##[endgroup]
2026-06-26T08:15:11.1397594Z ##[group]BuildKit version
2026-06-26T08:15:11.1398433Z builder-c1c572c7-fdd2-44a7-aea7-f3b61e97bac70: v0.30.0
2026-06-26T08:15:11.1400182Z ##[endgroup]


=== Build, Test, and (main only) Deploy/7_Build Docker image.txt ===
﻿2026-06-26T08:15:11.1568655Z ##[group]Run docker buildx build \
2026-06-26T08:15:11.1569240Z [36;1mdocker buildx build \[0m
2026-06-26T08:15:11.1569729Z [36;1m  --platform linux/amd64 \[0m
2026-06-26T08:15:11.1570243Z [36;1m  -f sample_app/Dockerfile \[0m
2026-06-26T08:15:11.1571058Z [36;1m  -t ai-devops-sample-app:6232fe95a6acc44f9ac0ebcac1cf9d31d60f39c6 \[0m
2026-06-26T08:15:11.1571816Z [36;1m  -t ai-devops-sample-app:latest \[0m
2026-06-26T08:15:11.1572221Z [36;1m  --load \[0m
2026-06-26T08:15:11.1572517Z [36;1m  sample_app[0m
2026-06-26T08:15:11.1593369Z shell: /usr/bin/bash -e {0}
2026-06-26T08:15:11.1593721Z env:
2026-06-26T08:15:11.1594171Z   pythonLocation: /home/ubuntu/actions-runner/_work/_tool/Python/3.12.13/x64
2026-06-26T08:15:11.1594983Z   PKG_CONFIG_PATH: /home/ubuntu/actions-runner/_work/_tool/Python/3.12.13/x64/lib/pkgconfig
2026-06-26T08:15:11.1595784Z   Python_ROOT_DIR: /home/ubuntu/actions-runner/_work/_tool/Python/3.12.13/x64
2026-06-26T08:15:11.1596515Z   Python2_ROOT_DIR: /home/ubuntu/actions-runner/_work/_tool/Python/3.12.13/x64
2026-06-26T08:15:11.1597301Z   Python3_ROOT_DIR: /home/ubuntu/actions-runner/_work/_tool/Python/3.12.13/x64
2026-06-26T08:15:11.1598040Z   LD_LIBRARY_PATH: /home/ubuntu/actions-runner/_work/_tool/Python/3.12.13/x64/lib
2026-06-26T08:15:11.1598886Z ##[endgroup]
2026-06-26T08:15:11.5472472Z #0 building with "builder-c1c572c7-fdd2-44a7-aea7-f3b61e97bac7" instance using docker-container driver
2026-06-26T08:15:11.5474651Z 
2026-06-26T08:15:11.5475254Z #1 [internal] load build definition from Dockerfile
2026-06-26T08:15:11.5476673Z #1 transferring dockerfile: 362B done
2026-06-26T08:15:11.5477771Z #1 DONE 0.0s
2026-06-26T08:15:11.5478315Z 
2026-06-26T08:15:11.5479026Z #2 [internal] load metadata for docker.io/library/python:3.1
2026-06-26T08:15:12.5638409Z #2 ERROR: docker.io/library/python:3.1: not found
2026-06-26T08:15:12.6250927Z ------
2026-06-26T08:15:12.6253802Z  > [internal] load metadata for docker.io/library/python:3.1:
2026-06-26T08:15:12.6256457Z ------
2026-06-26T08:15:12.6304103Z Dockerfile:1
2026-06-26T08:15:12.6306397Z --------------------
2026-06-26T08:15:12.6309109Z    1 | >>> FROM python:3.1
2026-06-26T08:15:12.6310984Z    2 |     WORKDIR /app
2026-06-26T08:15:12.6323660Z    3 |     COPY requirementsss11s.txt .
2026-06-26T08:15:12.6326816Z --------------------
2026-06-26T08:15:12.6334757Z ERROR: failed to build: failed to solve: python:3.1: failed to resolve source metadata for docker.io/library/python:3.1: docker.io/library/python:3.1: not found
2026-06-26T08:15:12.6417888Z ##[error]Process completed with exit code 1.


=== Build, Test, and (main only) Deploy/system.txt ===
2026-06-26T08:14:50.9010000Z Evaluating build-test-deploy.if
2026-06-26T08:14:50.9010000Z Evaluating: success()
2026-06-26T08:14:50.9010000Z Result: true
2026-06-26T08:14:50.8840000Z Requested labels: self-hosted
2026-06-26T08:14:50.8840000Z Job defined at: Mazhar10pearls/AI-based-debugger/.github/workflows/ci-local-deploy.yml@refs/heads/develop
2026-06-26T08:14:50.8840000Z Waiting for a runner to pick up this job...
2026-06-26T08:14:51.1510000Z Job is about to start running on the runner: vm-runner

